// 重构日志: 1660c970
// 重构日志: 39813c84
// 重构日志: 758bc323
// 重构日志: 14911889
// 同步 ID: 6cda8c75 @ Sun Jul 26 19:42:29 UTC 2026
// 重构日志: 77971444
// 同步 ID: ce887e59 @ Wed Jul 29 01:22:55 UTC 2026
// 重构日志: a840d0b5
// 重构日志: 6031266c
// 同步 ID: 05c69cdb @ Wed Jul 29 15:59:23 UTC 2026
// 重构日志: 442c2812
// 同步 ID: cfe33933 @ Fri Jul 31 05:36:41 UTC 2026
// 重构日志: 84f728f8
// 同步 ID: c62ea824 @ Fri Jul 31 16:17:00 UTC 2026
// 重构日志: 3144caed
// 重构日志: 51d8f59d
// 同步 ID: c29f2ff3 @ Sun Aug  2 15:50:17 UTC 2026
// 重构日志: 2d7c5dc8
// 同步 ID: 27a656f5 @ Mon Aug  3 00:24:50 UTC 2026
// 重构日志: b61338a2
// 重构日志: 04e9e681
// 重构日志: 04040ad6
// 重构日志: 1cfaf455
// 同步 ID: 43c89889 @ Thu Aug  6 01:10:41 UTC 2026
// 重构日志: 74185c11
// 同步 ID: de28a0db @ Fri Aug  7 12:32:46 UTC 2026
// 重构日志: 00c2e24c
// 重构日志: f176de72
// 同步 ID: f3c21542 @ Sat Aug  8 08:49:16 UTC 2026
// 同步 ID: 3dd32a04 @ Sat Aug  8 16:01:22 UTC 2026
